Consistency is the last refuge of the unimaginative.
